To github.com:murkaudio/murk-audio-site.git
   1fc300f..e5c8f37  main -> telemetry
The following paths are ignored by one of your .gitignore files:
service_account.json
hint: Use -f if you really want to add them.
hint: Disable this message with "git config set advice.addIgnoredFile false"
The following paths are ignored by one of your .gitignore files:
service_account.json
hint: Use -f if you really want to add them.
hint: Disable this message with "git config set advice.addIgnoredFile false"
The following paths are ignored by one of your .gitignore files:
service_account.json
hint: Use -f if you really want to add them.
hint: Disable this message with "git config set advice.addIgnoredFile false"
The following paths are ignored by one of your .gitignore files:
service_account.json
hint: Use -f if you really want to add them.
hint: Disable this message with "git config set advice.addIgnoredFile false"
The following paths are ignored by one of your .gitignore files:
service_account.json
hint: Use -f if you really want to add them.
hint: Disable this message with "git config set advice.addIgnoredFile false"
The following paths are ignored by one of your .gitignore files:
service_account.json
hint: Use -f if you really want to add them.
hint: Disable this message with "git config set advice.addIgnoredFile false"
The following paths are ignored by one of your .gitignore files:
service_account.json
hint: Use -f if you really want to add them.
hint: Disable this message with "git config set advice.addIgnoredFile false"
The following paths are ignored by one of your .gitignore files:
service_account.json
hint: Use -f if you really want to add them.
hint: Disable this message with "git config set advice.addIgnoredFile false"
The following paths are ignored by one of your .gitignore files:
service_account.json
hint: Use -f if you really want to add them.
hint: Disable this message with "git config set advice.addIgnoredFile false"
The following paths are ignored by one of your .gitignore files:
service_account.json
hint: Use -f if you really want to add them.
hint: Disable this message with "git config set advice.addIgnoredFile false"
The following paths are ignored by one of your .gitignore files:
service_account.json
hint: Use -f if you really want to add them.
hint: Disable this message with "git config set advice.addIgnoredFile false"
The following paths are ignored by one of your .gitignore files:
service_account.json
hint: Use -f if you really want to add them.
hint: Disable this message with "git config set advice.addIgnoredFile false"
The following paths are ignored by one of your .gitignore files:
service_account.json
hint: Use -f if you really want to add them.
hint: Disable this message with "git config set advice.addIgnoredFile false"
The following paths are ignored by one of your .gitignore files:
service_account.json
hint: Use -f if you really want to add them.
hint: Disable this message with "git config set advice.addIgnoredFile false"
The following paths are ignored by one of your .gitignore files:
service_account.json
hint: Use -f if you really want to add them.
hint: Disable this message with "git config set advice.addIgnoredFile false"
The following paths are ignored by one of your .gitignore files:
service_account.json
hint: Use -f if you really want to add them.
hint: Disable this message with "git config set advice.addIgnoredFile false"
The following paths are ignored by one of your .gitignore files:
service_account.json
hint: Use -f if you really want to add them.
hint: Disable this message with "git config set advice.addIgnoredFile false"
The following paths are ignored by one of your .gitignore files:
service_account.json
hint: Use -f if you really want to add them.
hint: Disable this message with "git config set advice.addIgnoredFile false"
The following paths are ignored by one of your .gitignore files:
service_account.json
hint: Use -f if you really want to add them.
hint: Disable this message with "git config set advice.addIgnoredFile false"
The following paths are ignored by one of your .gitignore files:
service_account.json
hint: Use -f if you really want to add them.
hint: Disable this message with "git config set advice.addIgnoredFile false"
The following paths are ignored by one of your .gitignore files:
service_account.json
hint: Use -f if you really want to add them.
hint: Disable this message with "git config set advice.addIgnoredFile false"
The following paths are ignored by one of your .gitignore files:
service_account.json
hint: Use -f if you really want to add them.
hint: Disable this message with "git config set advice.addIgnoredFile false"
The following paths are ignored by one of your .gitignore files:
service_account.json
hint: Use -f if you really want to add them.
hint: Disable this message with "git config set advice.addIgnoredFile false"
The following paths are ignored by one of your .gitignore files:
service_account.json
hint: Use -f if you really want to add them.
hint: Disable this message with "git config set advice.addIgnoredFile false"
The following paths are ignored by one of your .gitignore files:
service_account.json
hint: Use -f if you really want to add them.
hint: Disable this message with "git config set advice.addIgnoredFile false"
The following paths are ignored by one of your .gitignore files:
service_account.json
hint: Use -f if you really want to add them.
hint: Disable this message with "git config set advice.addIgnoredFile false"
The following paths are ignored by one of your .gitignore files:
service_account.json
hint: Use -f if you really want to add them.
hint: Disable this message with "git config set advice.addIgnoredFile false"
The following paths are ignored by one of your .gitignore files:
service_account.json
hint: Use -f if you really want to add them.
hint: Disable this message with "git config set advice.addIgnoredFile false"
The following paths are ignored by one of your .gitignore files:
service_account.json
hint: Use -f if you really want to add them.
hint: Disable this message with "git config set advice.addIgnoredFile false"
The following paths are ignored by one of your .gitignore files:
service_account.json
hint: Use -f if you really want to add them.
hint: Disable this message with "git config set advice.addIgnoredFile false"
The following paths are ignored by one of your .gitignore files:
service_account.json
hint: Use -f if you really want to add them.
hint: Disable this message with "git config set advice.addIgnoredFile false"
The following paths are ignored by one of your .gitignore files:
service_account.json
hint: Use -f if you really want to add them.
hint: Disable this message with "git config set advice.addIgnoredFile false"
The following paths are ignored by one of your .gitignore files:
service_account.json
hint: Use -f if you really want to add them.
hint: Disable this message with "git config set advice.addIgnoredFile false"
The following paths are ignored by one of your .gitignore files:
service_account.json
hint: Use -f if you really want to add them.
hint: Disable this message with "git config set advice.addIgnoredFile false"
The following paths are ignored by one of your .gitignore files:
service_account.json
hint: Use -f if you really want to add them.
hint: Disable this message with "git config set advice.addIgnoredFile false"
The following paths are ignored by one of your .gitignore files:
service_account.json
hint: Use -f if you really want to add them.
hint: Disable this message with "git config set advice.addIgnoredFile false"
The following paths are ignored by one of your .gitignore files:
service_account.json
hint: Use -f if you really want to add them.
hint: Disable this message with "git config set advice.addIgnoredFile false"
The following paths are ignored by one of your .gitignore files:
service_account.json
hint: Use -f if you really want to add them.
hint: Disable this message with "git config set advice.addIgnoredFile false"
The following paths are ignored by one of your .gitignore files:
service_account.json
hint: Use -f if you really want to add them.
hint: Disable this message with "git config set advice.addIgnoredFile false"
The following paths are ignored by one of your .gitignore files:
service_account.json
hint: Use -f if you really want to add them.
hint: Disable this message with "git config set advice.addIgnoredFile false"
The following paths are ignored by one of your .gitignore files:
service_account.json
hint: Use -f if you really want to add them.
hint: Disable this message with "git config set advice.addIgnoredFile false"
The following paths are ignored by one of your .gitignore files:
service_account.json
hint: Use -f if you really want to add them.
hint: Disable this message with "git config set advice.addIgnoredFile false"
The following paths are ignored by one of your .gitignore files:
service_account.json
hint: Use -f if you really want to add them.
hint: Disable this message with "git config set advice.addIgnoredFile false"
The following paths are ignored by one of your .gitignore files:
service_account.json
hint: Use -f if you really want to add them.
hint: Disable this message with "git config set advice.addIgnoredFile false"
The following paths are ignored by one of your .gitignore files:
service_account.json
hint: Use -f if you really want to add them.
hint: Disable this message with "git config set advice.addIgnoredFile false"
The following paths are ignored by one of your .gitignore files:
service_account.json
hint: Use -f if you really want to add them.
hint: Disable this message with "git config set advice.addIgnoredFile false"
The following paths are ignored by one of your .gitignore files:
service_account.json
hint: Use -f if you really want to add them.
hint: Disable this message with "git config set advice.addIgnoredFile false"
The following paths are ignored by one of your .gitignore files:
service_account.json
hint: Use -f if you really want to add them.
hint: Disable this message with "git config set advice.addIgnoredFile false"
The following paths are ignored by one of your .gitignore files:
service_account.json
hint: Use -f if you really want to add them.
hint: Disable this message with "git config set advice.addIgnoredFile false"
The following paths are ignored by one of your .gitignore files:
service_account.json
hint: Use -f if you really want to add them.
hint: Disable this message with "git config set advice.addIgnoredFile false"
The following paths are ignored by one of your .gitignore files:
service_account.json
hint: Use -f if you really want to add them.
hint: Disable this message with "git config set advice.addIgnoredFile false"
The following paths are ignored by one of your .gitignore files:
service_account.json
hint: Use -f if you really want to add them.
hint: Disable this message with "git config set advice.addIgnoredFile false"
The following paths are ignored by one of your .gitignore files:
service_account.json
hint: Use -f if you really want to add them.
hint: Disable this message with "git config set advice.addIgnoredFile false"
The following paths are ignored by one of your .gitignore files:
service_account.json
hint: Use -f if you really want to add them.
hint: Disable this message with "git config set advice.addIgnoredFile false"
The following paths are ignored by one of your .gitignore files:
service_account.json
hint: Use -f if you really want to add them.
hint: Disable this message with "git config set advice.addIgnoredFile false"
The following paths are ignored by one of your .gitignore files:
service_account.json
hint: Use -f if you really want to add them.
hint: Disable this message with "git config set advice.addIgnoredFile false"
The following paths are ignored by one of your .gitignore files:
service_account.json
hint: Use -f if you really want to add them.
hint: Disable this message with "git config set advice.addIgnoredFile false"
